
> web@0.1.0 build
> next build

Γû▓ Next.js 16.2.2 (Turbopack)
- Environments: .env.local
- Experiments (use with caution):
  ┬╖ serverActions

node.exe : ΓÜá The 
"middleware" file 
convention is deprecated. 
Please use "proxy" instead. 
Learn more: https://nextjs.o
rg/docs/messages/middleware-
to-proxy
At line:1 char:1
+ & "C:\Program 
Files\nodejs/node.exe" 
"C:\Program 
Files\nodejs/node_mo ...
+ ~~~~~~~~~~~~~~~~~~~~~~~~~~
~~~~~~~~~~~~~~~~~~~~~~~~~~~~
~~~~~~~~~~~~~~~
    + CategoryInfo          
    : NotSpecified: (ΓÜá T  
  he "middle...leware-to-   
 proxy:String) [], Remot    
eException
    + FullyQualifiedErrorId 
    : NativeCommandError
 
  Creating an optimized production build ...
Γ£ô Compiled successfully in 3.8s
  Running TypeScript ...
Failed to type check.

./src/actions/comments.ts:45
:6
Type error: No overload 
matches this call.
  Overload 1 of 2, 
'(values: never, options?: 
{ count?: "exact" | 
"planned" | "estimated" | 
undefined; } | undefined): 
PostgrestFilterBuilder<{ 
PostgrestVersion: "12"; }, 
never, never, null, 
"comments", never, 
"POST">', gave the 
following error.
    Argument of type '{ 
listing_id: string; 
author_id: string; body: 
string; parent_id: string | 
null; }' is not assignable 
to parameter of type 
'never'.
  Overload 2 of 2, 
'(values: never[], 
options?: { count?: "exact" 
| "planned" | "estimated" | 
undefined; defaultToNull?: 
boolean | undefined; } | 
undefined): 
PostgrestFilterBuilder<{ 
PostgrestVersion: "12"; }, 
never, never, null, 
"comments", never, 
"POST">', gave the 
following error.
    Object literal may only 
specify known properties, 
and 'listing_id' does not 
exist in type 'never[]'.

  [90m43 |[0m   
[36mconst[0m { data, 
error } = [36mawait[0m 
supabase
  [90m44 |[0m     .[36mfr
om[0m([32m"comments"[0m)
[31m[1m>[0m [90m45 
|[0m     .insert({
  [90m   |[0m      
[31m[1m^[0m
  [90m46 |[0m       
listing_id: listingId,
  [90m47 |[0m       
author_id: user.id,
  [90m48 |[0m       body: 
input.body,
Next.js build worker exited 
with code: 1 and signal: 
null
